// Vitest Snapshot v1, https://vitest.dev/guide/snapshot.html

exports[`Таблица со списком витрин > Создаем "снап-шот" данных 1`] = `
[
  {
    "color_scheme": "green",
    "counter_body": "counter_body",
    "counter_head": "counter_head ",
    "created": 1946-10-04T18:12:23.671Z,
    "domain": "elated-coalition.biz",
    "favicon": "https://avatars.githubusercontent.com/u/55877764",
    "id": 1,
    "logo_dark": "https://avatars.githubusercontent.com/u/44465421",
    "logo_light": "https://avatars.githubusercontent.com/u/71903166",
    "modified": 1948-06-03T12:04:33.301Z,
    "name": "Clothing",
    "og_img": "https://avatars.githubusercontent.com/u/81553655",
    "template": "grounded-butter",
    "thankyou_type": "page",
    "type": {
      "created": 1959-10-08T12:09:59.495Z,
      "id": 1,
      "modified": 1985-03-31T08:07:53.847Z,
      "name": "Tools",
    },
  },
  {
    "color_scheme": "pink",
    "counter_body": "counter_body",
    "counter_head": "counter_head",
    "created": 1964-02-08T15:12:48.833Z,
    "domain": "perfumed-freon.org",
    "favicon": "",
    "id": 2,
    "logo_dark": "",
    "logo_light": "https://avatars.githubusercontent.com/u/34375761",
    "modified": 1946-06-29T01:36:25.536Z,
    "name": "Baby",
    "og_img": "https://avatars.githubusercontent.com/u/68364384",
    "template": "extraneous-shoe-horn",
    "thankyou_type": "pop",
    "type": {
      "created": 1959-10-08T12:09:59.495Z,
      "id": 1,
      "modified": 1985-03-31T08:07:53.847Z,
      "name": "Tools",
    },
  },
]
`;
